stm32f2xx_hal_pcd.c:123:19:HAL_PCD_Init	80	static
stm32f2xx_hal_pcd.c:235:19:HAL_PCD_DeInit	16	static
stm32f2xx_hal_pcd.c:271:13:HAL_PCD_MspInit	16	static
stm32f2xx_hal_pcd.c:286:13:HAL_PCD_MspDeInit	16	static
stm32f2xx_hal_pcd.c:836:19:HAL_PCD_Start	16	static
stm32f2xx_hal_pcd.c:850:19:HAL_PCD_Stop	16	static
stm32f2xx_hal_pcd.c:872:6:HAL_PCD_IRQHandler	64	static
stm32f2xx_hal_pcd.c:1224:13:HAL_PCD_DataOutStageCallback	16	static
stm32f2xx_hal_pcd.c:1241:13:HAL_PCD_DataInStageCallback	16	static
stm32f2xx_hal_pcd.c:1256:13:HAL_PCD_SetupStageCallback	16	static
stm32f2xx_hal_pcd.c:1271:13:HAL_PCD_SOFCallback	16	static
stm32f2xx_hal_pcd.c:1286:13:HAL_PCD_ResetCallback	16	static
stm32f2xx_hal_pcd.c:1301:13:HAL_PCD_SuspendCallback	16	static
stm32f2xx_hal_pcd.c:1316:13:HAL_PCD_ResumeCallback	16	static
stm32f2xx_hal_pcd.c:1332:13:HAL_PCD_ISOOUTIncompleteCallback	16	static
stm32f2xx_hal_pcd.c:1349:13:HAL_PCD_ISOINIncompleteCallback	16	static
stm32f2xx_hal_pcd.c:1365:13:HAL_PCD_ConnectCallback	16	static
stm32f2xx_hal_pcd.c:1380:13:HAL_PCD_DisconnectCallback	16	static
stm32f2xx_hal_pcd.c:1414:19:HAL_PCD_DevConnect	16	static
stm32f2xx_hal_pcd.c:1427:19:HAL_PCD_DevDisconnect	16	static
stm32f2xx_hal_pcd.c:1441:19:HAL_PCD_SetAddress	16	static
stm32f2xx_hal_pcd.c:1457:19:HAL_PCD_EP_Open	24	static
stm32f2xx_hal_pcd.c:1501:19:HAL_PCD_EP_Close	24	static
stm32f2xx_hal_pcd.c:1532:19:HAL_PCD_EP_Receive	32	static
stm32f2xx_hal_pcd.c:1568:10:HAL_PCD_EP_GetRxCount	16	static
stm32f2xx_hal_pcd.c:1580:19:HAL_PCD_EP_Transmit	32	static
stm32f2xx_hal_pcd.c:1616:19:HAL_PCD_EP_SetStall	24	static
stm32f2xx_hal_pcd.c:1657:19:HAL_PCD_EP_ClrStall	24	static
stm32f2xx_hal_pcd.c:1693:19:HAL_PCD_EP_Flush	16	static
stm32f2xx_hal_pcd.c:1716:19:HAL_PCD_ActivateRemoteWakeup	16	static
stm32f2xx_hal_pcd.c:1726:19:HAL_PCD_DeActivateRemoteWakeup	16	static
stm32f2xx_hal_pcd.c:1755:18:HAL_PCD_GetState	16	static
stm32f2xx_hal_pcd.c:1779:26:PCD_WriteEmptyTxFifo	48	static
stm32f2xx_hal_pcd.c:1839:26:PCD_EP_OutXfrComplete_int	32	static
stm32f2xx_hal_pcd.c:1949:26:PCD_EP_OutSetupPacket_int	32	static
